// Jest Snapshot v1, https://goo.gl/fbAQLP

exports[`Given Robots component When it's rendered Then it should match with de last snapshot 1`] = `
<article
  className="card-robot"
>
  <img
    alt="Aire"
    className="card-robot__image"
    src="https://cdn.hobbyconsolas.com/sites/navi.axelspringer.es/public/styles/hc_1440x810/public/media/image/2020/04/astro-robot-ps5-1920415.jpg?h=d1cb525d&itok=NpaKRK-Q"
    whith="150"
  />
  <h2
    className=" card-robot__title"
  >
    Aire
  </h2>
  <h3
    className="card-robot__title-features"
  >
    Características de 
    Aire
  </h3>
  <ul
    className="card-robot__list-features"
  >
    <li
      className="card-robot__feature"
    >
      Velocidad: 
      5
    </li>
    <li
      className="card-robot__feature"
    >
      Resistencia: 
      9
    </li>
    <li
      className="card-robot__feature"
    >
      Fecha de creación: 
      1996-05-19T22:00:00.000Z
    </li>
  </ul>
  <button
    className="btn btn-dark card-robot__edit"
    type="button"
  >
    Editar
  </button>
  <button
    className="btn btn-danger card-robot__delete"
    type="button"
  >
    Eliminar
  </button>
</article>
`;
